core_cm3.h:1876:26:ITM_SendChar	16	static,ignoring_inline_asm
main.c:69:6:microDelay	16	static
main.c:76:6:DHT11_Start	24	static
main.c:98:9:DHT11_Check_Response	16	static
main.c:114:9:DHT11_Read	16	static
main.c:134:6:HM10_SendCommand	16	static
main.c:139:6:HM10_Init	8	static
main.c:151:6:BLE_TransmitData	16	static
main.c:167:5:main	16	static
main.c:248:6:SystemClock_Config	72	static
main.c:287:13:MX_TIM1_Init	32	static
main.c:333:13:MX_USART1_UART_Init	8	static
main.c:366:13:MX_GPIO_Init	40	static
main.c:398:5:_write	32	static
main.c:413:6:Error_Handler	4	static,ignoring_inline_asm
